*** Using Compiler 'V6.22', folder: 'D:\Apps\keil\ARM\ARMCLANG\Bin'
Build target 'TDPS'
assembling startup_stm32h743xx.s...
compiling main.c...
compiling gpio.c...
compiling memorymap.c...
compiling stm32h7xx_hal_i2c_ex.c...
compiling dma.c...
compiling stm32h7xx_hal_cortex.c...
compiling stm32h7xx_hal_flash.c...
compiling usart.c...
compiling i2c.c...
compiling stm32h7xx_it.c...
compiling stm32h7xx_hal_rcc_ex.c...
compiling motion.c...
compiling stm32h7xx_hal_hsem.c...
compiling stm32h7xx_hal_tim_ex.c...
compiling radar.c...
compiling stm32h7xx_hal_i2c.c...
compiling stm32h7xx_hal_uart_ex.c...
compiling stm32h7xx_hal_flash_ex.c...
compiling system_stm32h7xx.c...
compiling stm32h7xx_hal_msp.c...
compiling stm32h7xx_hal_pwr.c...
compiling stm32h7xx_hal_tim.c...
compiling stm32h7xx_hal_gpio.c...
compiling stm32h7xx_hal_exti.c...
compiling stm32h7xx_hal.c...
compiling stm32h7xx_hal_dma_ex.c...
compiling stm32h7xx_hal_rcc.c...
compiling stm32h7xx_hal_pwr_ex.c...
compiling stm32h7xx_hal_mdma.c...
compiling stm32h7xx_hal_dma.c...
compiling stm32h7xx_hal_uart.c...
linking...
Program Size: Code=21012 RO-data=764 RW-data=16 ZI-data=2344  
FromELF: creating hex file...
"TDPS\TDPS.axf" - 0 Error(s), 0 Warning(s).
Build Time Elapsed:  00:00:03
