<html>
<body>
<pre>
<h1>µVision Build Log</h1>
<h2>Tool Versions:</h2>
IDE-Version: ¦ÌVision V5.40.0.0
Copyright (C) 2024 ARM Ltd and ARM Germany GmbH. All rights reserved.
License Information: a Fauna_Bradshaw, a, LIC=NQQMA-1M5BW-GKNBG-VNI0Y-KRD7J-D0X6G
 
Tool Versions:
Toolchain:       MDK-ARM Plus  Version: 5.40.0.3
Toolchain Path:  D:\Apps\keil\ARM\ARMCLANG\Bin
C Compiler:      ArmClang.exe V6.22
Assembler:       Armasm.exe V6.22
Linker/Locator:  ArmLink.exe V6.22
Library Manager: ArmAr.exe V6.22
Hex Converter:   FromElf.exe V6.22
CPU DLL:         SARMCM3.DLL V5.40.0.3
Dialog DLL:      DCM.DLL V1.17.5.0
Target DLL:      STLink\ST-LINKIII-KEIL_SWO.dll V3.3.0.0
Dialog DLL:      TCM.DLL V1.56.4.0
 
<h2>Project:</h2>
d:\Programs\embedded\TDPS\MDK-ARM\TDPS.uvprojx
Project File Date:  03/17/2026

<h2>Output:</h2>
*** Using Compiler 'V6.22', folder: 'D:\Apps\keil\ARM\ARMCLANG\Bin'
Build target 'TDPS'
assembling startup_stm32h743xx.s...
compiling main.c...
compiling gpio.c...
compiling memorymap.c...
compiling stm32h7xx_hal_i2c_ex.c...
compiling dma.c...
compiling stm32h7xx_hal_cortex.c...
compiling stm32h7xx_hal_flash.c...
compiling usart.c...
compiling i2c.c...
compiling stm32h7xx_it.c...
compiling stm32h7xx_hal_rcc_ex.c...
compiling motion.c...
compiling stm32h7xx_hal_hsem.c...
compiling stm32h7xx_hal_tim_ex.c...
compiling radar.c...
compiling stm32h7xx_hal_i2c.c...
compiling stm32h7xx_hal_uart_ex.c...
compiling stm32h7xx_hal_flash_ex.c...
compiling system_stm32h7xx.c...
compiling stm32h7xx_hal_msp.c...
compiling stm32h7xx_hal_pwr.c...
compiling stm32h7xx_hal_tim.c...
compiling stm32h7xx_hal_gpio.c...
compiling stm32h7xx_hal_exti.c...
compiling stm32h7xx_hal.c...
compiling stm32h7xx_hal_dma_ex.c...
compiling stm32h7xx_hal_rcc.c...
compiling stm32h7xx_hal_pwr_ex.c...
compiling stm32h7xx_hal_mdma.c...
compiling stm32h7xx_hal_dma.c...
compiling stm32h7xx_hal_uart.c...
linking...
Program Size: Code=21012 RO-data=764 RW-data=16 ZI-data=2344  
FromELF: creating hex file...
"TDPS\TDPS.axf" - 0 Error(s), 0 Warning(s).

<h2>Software Packages used:</h2>

Package Vendor: ARM
                https://www.keil.com/pack/ARM.CMSIS.6.1.0.pack
                ARM::CMSIS@6.1.0
                CMSIS (Common Microcontroller Software Interface Standard)
   * Component: CORE Version: 6.1.0

Package Vendor: Keil
                https://www.keil.com/pack/Keil.STM32H7xx_DFP.4.1.3.pack
                Keil::STM32H7xx_DFP@4.1.3
                STMicroelectronics STM32H7 Series Device Support

<h2>Collection of Component include folders:</h2>
  ./RTE/_TDPS
  D:/files/Arm/Packs/ARM/CMSIS/6.1.0/CMSIS/Core/Include

<h2>Collection of Component Files used:</h2>

   * Component: ARM::CMSIS:CORE@6.1.0
      Include file:  CMSIS/Core/Include/tz_context.h
Build Time Elapsed:  00:00:03
</pre>
</body>
</html>
